// <-- CLI SHELL MODE -->
scicv_Init();
img = imread(getSampleImage("blobs.jpg"));
detector = new_SimpleBlobDetector();
keyPoints = FeatureDetector_detect(detector, img);
// TODO fix extract operator KeyPoints(:)
assert_checkfalse(isempty(cvGetKeyPoints(keyPoints)));
delete_SimpleBlobDetector(detector);
Attention :
L'identifiant : delete_SimpleBlobDetector
 a été tronqué en : delete_SimpleBlobDetecto.

delete_Mat(img);
